g0109:43071:43616 [5] NCCL INFO NVLS multicast support is not available on dev 5
g0109:43067:43614 [1] NCCL INFO Setting affinity for GPU 1 to 03f000
g0109:43067:43614 [1] NCCL INFO NVLS multicast support is not available on dev 1
g0109:43070:43618 [4] NCCL INFO Setting affinity for GPU 4 to fc00,00000000
g0109:43068:43617 [2] NCCL INFO Setting affinity for GPU 2 to 0fc0
g0109:43068:43617 [2] NCCL INFO NVLS multicast support is not available on dev 2
g0109:43070:43618 [4] NCCL INFO NVLS multicast support is not available on dev 4
g0109:43073:43615 [7] NCCL INFO comm 0x560284198d40 rank 7 nRanks 8 nNodes 1 localRanks 8 localRank 7 MNNVL 0
g0109:43066:43612 [0] NCCL INFO comm 0x56309af222b0 rank 0 nRanks 8 nNodes 1 localRanks 8 localRank 0 MNNVL 0
g0109:43071:43616 [5] NCCL INFO comm 0x55b14a7f39f0 rank 5 nRanks 8 nNodes 1 localRanks 8 localRank 5 MNNVL 0
g0109:43072:43613 [6] NCCL INFO comm 0x55e3469f6af0 rank 6 nRanks 8 nNodes 1 localRanks 8 localRank 6 MNNVL 0
g0109:43070:43618 [4] NCCL INFO comm 0x55ceff8c81b0 rank 4 nRanks 8 nNodes 1 localRanks 8 localRank 4 MNNVL 0
g0109:43069:43619 [3] NCCL INFO comm 0x55c23d4061b0 rank 3 nRanks 8 nNodes 1 localRanks 8 localRank 3 MNNVL 0
g0109:43068:43617 [2] NCCL INFO comm 0x5566d64d2470 rank 2 nRanks 8 nNodes 1 localRanks 8 localRank 2 MNNVL 0
g0109:43067:43614 [1] NCCL INFO comm 0x55f74ec72540 rank 1 nRanks 8 nNodes 1 localRanks 8 localRank 1 MNNVL 0
g0109:43073:43615 [7] NCCL INFO Trees [0] -1/-1/-1->7->6 [1] -1/-1/-1->7->6
g0109:43066:43612 [0] NCCL INFO Channel 00/02 :    0   1   2   3   4   5   6   7
g0109:43071:43616 [5] NCCL INFO Trees [0] 6/-1/-1->5->4 [1] 6/-1/-1->5->4
g0109:43072:43613 [6] NCCL INFO Trees [0] 7/-1/-1->6->5 [1] 7/-1/-1->6->5
g0109:43070:43618 [4] NCCL INFO Trees [0] 5/-1/-1->4->3 [1] 5/-1/-1->4->3
g0109:43069:43619 [3] NCCL INFO Trees [0] 4/-1/-1->3->2 [1] 4/-1/-1->3->2
g0109:43068:43617 [2] NCCL INFO Trees [0] 3/-1/-1->2->1 [1] 3/-1/-1->2->1
g0109:43067:43614 [1] NCCL INFO Trees [0] 2/-1/-1->1->0 [1] 2/-1/-1->1->0
g0109:43073:43615 [7] NCCL INFO P2P Chunksize set to 131072
g0109:43066:43612 [0] NCCL INFO Channel 01/02 :    0   1   2   3   4   5   6   7
g0109:43071:43616 [5] NCCL INFO P2P Chunksize set to 131072
g0109:43072:43613 [6] NCCL INFO P2P Chunksize set to 131072
g0109:43070:43618 [4] NCCL INFO P2P Chunksize set to 131072
g0109:43069:43619 [3] NCCL INFO P2P Chunksize set to 131072
g0109:43068:43617 [2] NCCL INFO P2P Chunksize set to 131072
g0109:43067:43614 [1] NCCL INFO P2P Chunksize set to 131072
g0109:43066:43612 [0] NCCL INFO Trees [0] 1/-1/-1->0->-1 [1] 1/-1/-1->0->-1
g0109:43066:43612 [0] NCCL INFO P2P Chunksize set to 131072
g0109:43070:43618 [4] NCCL INFO Channel 00 : 4[4] -> 5[5] via SHM/direct/direct
g0109:43071:43616 [5] NCCL INFO Channel 00 : 5[5] -> 6[6] via SHM/direct/direct
g0109:43072:43613 [6] NCCL INFO Channel 00 : 6[6] -> 7[7] via SHM/direct/direct
g0109:43069:43619 [3] NCCL INFO Channel 00 : 3[3] -> 4[4] via SHM/direct/direct
g0109:43073:43615 [7] NCCL INFO Channel 00 : 7[7] -> 0[0] via SHM/direct/direct
g0109:43068:43617 [2] NCCL INFO Channel 00 : 2[2] -> 3[3] via SHM/direct/direct
g0109:43066:43612 [0] NCCL INFO Channel 00 : 0[0] -> 1[1] via SHM/direct/direct
g0109:43067:43614 [1] NCCL INFO Channel 00 : 1[1] -> 2[2] via SHM/direct/direct
g0109:43070:43618 [4] NCCL INFO Channel 01 : 4[4] -> 5[5] via SHM/direct/direct
g0109:43071:43616 [5] NCCL INFO Channel 01 : 5[5] -> 6[6] via SHM/direct/direct
g0109:43072:43613 [6] NCCL INFO Channel 01 : 6[6] -> 7[7] via SHM/direct/direct
g0109:43069:43619 [3] NCCL INFO Channel 01 : 3[3] -> 4[4] via SHM/direct/direct
g0109:43073:43615 [7] NCCL INFO Channel 01 : 7[7] -> 0[0] via SHM/direct/direct
g0109:43068:43617 [2] NCCL INFO Channel 01 : 2[2] -> 3[3] via SHM/direct/direct
g0109:43066:43612 [0] NCCL INFO Channel 01 : 0[0] -> 1[1] via SHM/direct/direct
g0109:43067:43614 [1] NCCL INFO Channel 01 : 1[1] -> 2[2] via SHM/direct/direct
g0109:43073:43615 [7] NCCL INFO Connected all rings
g0109:43066:43612 [0] NCCL INFO Connected all rings
g0109:43067:43614 [1] NCCL INFO Connected all rings
g0109:43071:43616 [5] NCCL INFO Connected all rings
g0109:43072:43613 [6] NCCL INFO Connected all rings
g0109:43073:43615 [7] NCCL INFO Channel 00 : 7[7] -> 6[6] via SHM/direct/direct
g0109:43073:43615 [7] NCCL INFO Channel 01 : 7[7] -> 6[6] via SHM/direct/direct
g0109:43071:43616 [5] NCCL INFO Channel 00 : 5[5] -> 4[4] via SHM/direct/direct
g0109:43072:43613 [6] NCCL INFO Channel 00 : 6[6] -> 5[5] via SHM/direct/direct
g0109:43071:43616 [5] NCCL INFO Channel 01 : 5[5] -> 4[4] via SHM/direct/direct
g0109:43070:43618 [4] NCCL INFO Connected all rings
g0109:43068:43617 [2] NCCL INFO Connected all rings
g0109:43069:43619 [3] NCCL INFO Connected all rings
g0109:43067:43614 [1] NCCL INFO Channel 00 : 1[1] -> 0[0] via SHM/direct/direct
g0109:43072:43613 [6] NCCL INFO Channel 01 : 6[6] -> 5[5] via SHM/direct/direct
g0109:43067:43614 [1] NCCL INFO Channel 01 : 1[1] -> 0[0] via SHM/direct/direct
g0109:43070:43618 [4] NCCL INFO Channel 00 : 4[4] -> 3[3] via SHM/direct/direct
g0109:43069:43619 [3] NCCL INFO Channel 00 : 3[3] -> 2[2] via SHM/direct/direct
g0109:43068:43617 [2] NCCL INFO Channel 00 : 2[2] -> 1[1] via SHM/direct/direct
g0109:43070:43618 [4] NCCL INFO Channel 01 : 4[4] -> 3[3] via SHM/direct/direct
g0109:43069:43619 [3] NCCL INFO Channel 01 : 3[3] -> 2[2] via SHM/direct/direct
g0109:43068:43617 [2] NCCL INFO Channel 01 : 2[2] -> 1[1] via SHM/direct/direct
g0109:43072:43613 [6] NCCL INFO Connected all trees
g0109:43073:43615 [7] NCCL INFO Connected all trees
g0109:43072:43613 [6] NCCL INFO threadThresholds 8/8/64 | 64/8/64 | 512 | 512
g0109:43072:43613 [6] NCCL INFO 2 coll channels, 2 collnet channels, 0 nvls channels, 2 p2p channels, 2 p2p channels per peer
g0109:43073:43615 [7] NCCL INFO threadThresholds 8/8/64 | 64/8/64 | 512 | 512
g0109:43073:43615 [7] NCCL INFO 2 coll channels, 2 collnet channels, 0 nvls channels, 2 p2p channels, 2 p2p channels per peer
g0109:43066:43612 [0] NCCL INFO Connected all trees
g0109:43066:43612 [0] NCCL INFO threadThresholds 8/8/64 | 64/8/64 | 512 | 512
g0109:43066:43612 [0] NCCL INFO 2 coll channels, 2 collnet channels, 0 nvls channels, 2 p2p channels, 2 p2p channels per peer
g0109:43067:43614 [1] NCCL INFO Connected all trees
g0109:43067:43614 [1] NCCL INFO threadThresholds 8/8/64 | 64/8/64 | 512 | 512
g0109:43067:43614 [1] NCCL INFO 2 coll channels, 2 collnet channels, 0 nvls channels, 2 p2p channels, 2 p2p channels per peer
g0109:43069:43619 [3] NCCL INFO Connected all trees
g0109:43068:43617 [2] NCCL INFO Connected all trees
g0109:43069:43619 [3] NCCL INFO threadThresholds 8/8/64 | 64/8/64 | 512 | 512
g0109:43071:43616 [5] NCCL INFO Connected all trees
g0109:43069:43619 [3] NCCL INFO 2 coll channels, 2 collnet channels, 0 nvls channels, 2 p2p channels, 2 p2p channels per peer
g0109:43068:43617 [2] NCCL INFO threadThresholds 8/8/64 | 64/8/64 | 512 | 512
g0109:43070:43618 [4] NCCL INFO Connected all trees
g0109:43071:43616 [5] NCCL INFO threadThresholds 8/8/64 | 64/8/64 | 512 | 512
g0109:43068:43617 [2] NCCL INFO 2 coll channels, 2 collnet channels, 0 nvls channels, 2 p2p channels, 2 p2p channels per peer
g0109:43070:43618 [4] NCCL INFO threadThresholds 8/8/64 | 64/8/64 | 512 | 512
g0109:43071:43616 [5] NCCL INFO 2 coll channels, 2 collnet channels, 0 nvls channels, 2 p2p channels, 2 p2p channels per peer
g0109:43070:43618 [4] NCCL INFO 2 coll channels, 2 collnet channels, 0 nvls channels, 2 p2p channels, 2 p2p channels per peer
g0109:43073:43615 [7] NCCL INFO ncclCommInitRank comm 0x560284198d40 rank 7 nranks 8 cudaDev 7 nvmlDev 7 busId e1000 commId 0xcf40a45b1d4dda5f - Init COMPLETE
g0109:43067:43614 [1] NCCL INFO ncclCommInitRank comm 0x55f74ec72540 rank 1 nranks 8 cudaDev 1 nvmlDev 1 busId 23000 commId 0xcf40a45b1d4dda5f - Init COMPLETE
g0109:43069:43619 [3] NCCL INFO ncclCommInitRank comm 0x55c23d4061b0 rank 3 nranks 8 cudaDev 3 nvmlDev 3 busId 61000 commId 0xcf40a45b1d4dda5f - Init COMPLETE
g0109:43068:43617 [2] NCCL INFO ncclCommInitRank comm 0x5566d64d2470 rank 2 nranks 8 cudaDev 2 nvmlDev 2 busId 41000 commId 0xcf40a45b1d4dda5f - Init COMPLETE
g0109:43070:43618 [4] NCCL INFO ncclCommInitRank comm 0x55ceff8c81b0 rank 4 nranks 8 cudaDev 4 nvmlDev 4 busId 81000 commId 0xcf40a45b1d4dda5f - Init COMPLETE
g0109:43066:43612 [0] NCCL INFO ncclCommInitRank comm 0x56309af222b0 rank 0 nranks 8 cudaDev 0 nvmlDev 0 busId 1000 commId 0xcf40a45b1d4dda5f - Init COMPLETE
g0109:43072:43613 [6] NCCL INFO ncclCommInitRank comm 0x55e3469f6af0 rank 6 nranks 8 cudaDev 6 nvmlDev 6 busId c1000 commId 0xcf40a45b1d4dda5f - Init COMPLETE
g0109:43071:43616 [5] NCCL INFO ncclCommInitRank comm 0x55b14a7f39f0 rank 5 nranks 8 cudaDev 5 nvmlDev 5 busId a1000 commId 0xcf40a45b1d4dda5f - Init COMPLETE
2025-10-19 19:58:51 | INFO | fairseq.utils | ***********************CUDA enviroments for all 8 workers***********************
2025-10-19 19:58:51 | INFO | fairseq.utils | rank   0: capabilities =  8.9  ; total memory = 23.643 GB ; name = NVIDIA GeForce RTX 4090                 
2025-10-19 19:58:51 | INFO | fairseq.utils | rank   1: capabilities =  8.9  ; total memory = 23.643 GB ; name = NVIDIA GeForce RTX 4090                 
2025-10-19 19:58:51 | INFO | fairseq.utils | rank   2: capabilities =  8.9  ; total memory = 23.643 GB ; name = NVIDIA GeForce RTX 4090                 
2025-10-19 19:58:51 | INFO | fairseq.utils | rank   3: capabilities =  8.9  ; total memory = 23.643 GB ; name = NVIDIA GeForce RTX 4090                 
2025-10-19 19:58:51 | INFO | fairseq.utils | rank   4: capabilities =  8.9  ; total memory = 23.643 GB ; name = NVIDIA GeForce RTX 4090                 
2025-10-19 19:58:51 | INFO | fairseq.utils | rank   5: capabilities =  8.9  ; total memory = 23.643 GB ; name = NVIDIA GeForce RTX 4090                 
2025-10-19 19:58:51 | INFO | fairseq.utils | rank   6: capabilities =  8.9  ; total memory = 23.643 GB ; name = NVIDIA GeForce RTX 4090                 
2025-10-19 19:58:51 | INFO | fairseq.utils | rank   7: capabilities =  8.9  ; total memory = 23.643 GB ; name = NVIDIA GeForce RTX 4090                 
2025-10-19 19:58:51 | INFO | fairseq.utils | ***********************CUDA enviroments for all 8 workers***********************
2025-10-19 19:58:51 | INFO | fairseq_cli.train | training on 8 devices (GPUs/TPUs)
2025-10-19 19:58:51 | INFO | fairseq_cli.train | max tokens per device = None and max sentences per device = 16
2025-10-19 19:58:51 | INFO | fairseq.trainer | Preparing to load checkpoint ./affincraft_pretrain_ckpts_lmdb_multi_gpu/checkpoint_last.pt
2025-10-19 19:58:51 | INFO | fairseq.trainer | No existing checkpoint found ./affincraft_pretrain_ckpts_lmdb_multi_gpu/checkpoint_last.pt
2025-10-19 19:58:51 | INFO | fairseq.trainer | loading train data for epoch 1
2025-10-19 19:58:51 | INFO | graphormer.tasks.graph_prediction | Loaded train with #samples: 1450000
2025-10-19 19:58:56 | INFO | fairseq.data.iterators | grouped total_num_itrs = 11329
2025-10-19 19:58:56 | INFO | fairseq.trainer | begin training epoch 1
2025-10-19 19:58:56 | INFO | fairseq_cli.train | Start iterating over samples
警告: 跳过包含NaN的样本 1213780 (pdbid: 5v8p_frame78)
警告: 跳过包含NaN的样本 1213780 (pdbid: 5v8p_frame78)
警告: 跳过包含NaN的样本 798638 (pdbid: 5f39_frame74)
警告: 跳过包含NaN的样本 798638 (pdbid: 5f39_frame74)
警告: 跳过包含NaN的样本 558390 (pdbid: 5diq_frame89)
警告: 跳过包含NaN的样本 558390 (pdbid: 5diq_frame89)
警告: 跳过包含NaN的样本 1279254 (pdbid: 5m0d_frame72)
警告: 跳过包含NaN的样本 1279254 (pdbid: 5m0d_frame72)
警告: 跳过包含NaN的样本 1338860 (pdbid: 5urm_frame32)
警告: 跳过包含NaN的样本 1338860 (pdbid: 5urm_frame32)
警告: 跳过包含NaN的样本 1301546 (pdbid: 4e6d_frame5)
警告: 跳过包含NaN的样本 1301546 (pdbid: 4e6d_frame5)
警告: 跳过包含NaN的样本 1195492 (pdbid: 4gts_frame51)
警告: 跳过包含NaN的样本 1195492 (pdbid: 4gts_frame51)
警告: 跳过包含NaN的样本 745595 (pdbid: 1t5f_frame66)
警告: 跳过包含NaN的样本 745595 (pdbid: 1t5f_frame66)
警告: 跳过包含NaN的样本 306569 (pdbid: 4obv_frame33)
警告: 跳过包含NaN的样本 306569 (pdbid: 4obv_frame33)
警告: 跳过包含NaN的样本 633426 (pdbid: 2yde_frame10)
警告: 跳过包含NaN的样本 633426 (pdbid: 2yde_frame10)
警告: 跳过包含NaN的样本 647685 (pdbid: 3b1t_frame30)
警告: 跳过包含NaN的样本 647685 (pdbid: 3b1t_frame30)
警告: 跳过包含NaN的样本 1249081 (pdbid: 5n9n_frame79)
警告: 跳过包含NaN的样本 1249081 (pdbid: 5n9n_frame79)
警告: 跳过包含NaN的样本 397657 (pdbid: 3ot8_frame61)
警告: 跳过包含NaN的样本 397657 (pdbid: 3ot8_frame61)
警告: 跳过包含NaN的样本 1307363 (pdbid: 5tqe_frame75)
警告: 跳过包含NaN的样本 1307363 (pdbid: 5tqe_frame75)
警告: 跳过包含NaN的样本 1434310 (pdbid: 5naw_frame91)
警告: 跳过包含NaN的样本 1434310 (pdbid: 5naw_frame91)
警告: 跳过包含NaN的样本 145451 (pdbid: 3ddq_frame24)
警告: 跳过包含NaN的样本 145451 (pdbid: 3ddq_frame24)
警告: 跳过包含NaN的样本 1026087 (pdbid: 6i5i_frame7)
警告: 跳过包含NaN的样本 1026087 (pdbid: 6i5i_frame7)
警告: 跳过包含NaN的样本 1042655 (pdbid: 6gj6_frame35)
警告: 跳过包含NaN的样本 1042655 (pdbid: 6gj6_frame35)
